MSBuild version 17.8.3+195e7f5a3 for .NET
  Determining projects to restore...
  Nothing to do. None of the projects specified contain packages to restore.
  FMODUnity -> C:\Users\jjmil\OneDrive\Desktop\Unity\171_pinball\171_pinball\Temp\bin\Debug\FMODUnity.dll
  FMODUnityHaptics -> C:\Users\jjmil\OneDrive\Desktop\Unity\171_pinball\171_pinball\Temp\bin\Debug\FMODUnityHaptics.dll
  FMODUnityResonance -> C:\Users\jjmil\OneDrive\Desktop\Unity\171_pinball\171_pinball\Temp\bin\Debug\FMODUnityResonance.dll
  FMODUnityEditor -> C:\Users\jjmil\OneDrive\Desktop\Unity\171_pinball\171_pinball\Temp\bin\Debug\FMODUnityEditor.dll
  FMODUnityResonanceEditor -> C:\Users\jjmil\OneDrive\Desktop\Unity\171_pinball\171_pinball\Temp\bin\Debug\FMODUnityResonanceEditor.dll
C:\Program Files\dotnet\sdk\8.0.100\Microsoft.Common.CurrentVersion.targets(2382,5): warning MSB3277: Found conflicts between different versions of "System.Net.Http" that could not be resolved. [C:\Users\jjmil\OneDrive\Desktop\Unity\171_pinball\171_pinball\Assembly-CSharp.csproj]
C:\Program Files\dotnet\sdk\8.0.100\Microsoft.Common.CurrentVersion.targets(2382,5): warning MSB3277: There was a conflict between "System.Net.Http, Version=4.1.2.0, Culture=neutral, PublicKeyToken=b03f5f7f11d50a3a" and "System.Net.Http, Version=4.2.0.0, Culture=neutral, PublicKeyToken=b03f5f7f11d50a3a". [C:\Users\jjmil\OneDrive\Desktop\Unity\171_pinball\171_pinball\Assembly-CSharp.csproj]
C:\Program Files\dotnet\sdk\8.0.100\Microsoft.Common.CurrentVersion.targets(2382,5): warning MSB3277:     "System.Net.Http, Version=4.1.2.0, Culture=neutral, PublicKeyToken=b03f5f7f11d50a3a" was chosen because it was primary and "System.Net.Http, Version=4.2.0.0, Culture=neutral, PublicKeyToken=b03f5f7f11d50a3a" was not. [C:\Users\jjmil\OneDrive\Desktop\Unity\171_pinball\171_pinball\Assembly-CSharp.csproj]
C:\Program Files\dotnet\sdk\8.0.100\Microsoft.Common.CurrentVersion.targets(2382,5): warning MSB3277:     References which depend on "System.Net.Http, Version=4.1.2.0, Culture=neutral, PublicKeyToken=b03f5f7f11d50a3a" [C:\Program Files\Unity\Hub\Editor\6000.2.8f1\Editor\Data\NetStandard\compat\2.1.0\shims\netstandard\System.Net.Http.dll]. [C:\Users\jjmil\OneDrive\Desktop\Unity\171_pinball\171_pinball\Assembly-CSharp.csproj]
C:\Program Files\dotnet\sdk\8.0.100\Microsoft.Common.CurrentVersion.targets(2382,5): warning MSB3277:         C:\Program Files\Unity\Hub\Editor\6000.2.8f1\Editor\Data\NetStandard\compat\2.1.0\shims\netstandard\System.Net.Http.dll [C:\Users\jjmil\OneDrive\Desktop\Unity\171_pinball\171_pinball\Assembly-CSharp.csproj]
C:\Program Files\dotnet\sdk\8.0.100\Microsoft.Common.CurrentVersion.targets(2382,5): warning MSB3277:           Project file item includes which caused reference "C:\Program Files\Unity\Hub\Editor\6000.2.8f1\Editor\Data\NetStandard\compat\2.1.0\shims\netstandard\System.Net.Http.dll". [C:\Users\jjmil\OneDrive\Desktop\Unity\171_pinball\171_pinball\Assembly-CSharp.csproj]
C:\Program Files\dotnet\sdk\8.0.100\Microsoft.Common.CurrentVersion.targets(2382,5): warning MSB3277:             System.Net.Http [C:\Users\jjmil\OneDrive\Desktop\Unity\171_pinball\171_pinball\Assembly-CSharp.csproj]
C:\Program Files\dotnet\sdk\8.0.100\Microsoft.Common.CurrentVersion.targets(2382,5): warning MSB3277:     References which depend on "System.Net.Http, Version=4.2.0.0, Culture=neutral, PublicKeyToken=b03f5f7f11d50a3a" []. [C:\Users\jjmil\OneDrive\Desktop\Unity\171_pinball\171_pinball\Assembly-CSharp.csproj]
C:\Program Files\dotnet\sdk\8.0.100\Microsoft.Common.CurrentVersion.targets(2382,5): warning MSB3277:         C:\Users\jjmil\OneDrive\Desktop\Unity\171_pinball\171_pinball\Library\ScriptAssemblies\Unity.Addressables.Editor.dll [C:\Users\jjmil\OneDrive\Desktop\Unity\171_pinball\171_pinball\Assembly-CSharp.csproj]
C:\Program Files\dotnet\sdk\8.0.100\Microsoft.Common.CurrentVersion.targets(2382,5): warning MSB3277:           Project file item includes which caused reference "C:\Users\jjmil\OneDrive\Desktop\Unity\171_pinball\171_pinball\Library\ScriptAssemblies\Unity.Addressables.Editor.dll". [C:\Users\jjmil\OneDrive\Desktop\Unity\171_pinball\171_pinball\Assembly-CSharp.csproj]
C:\Program Files\dotnet\sdk\8.0.100\Microsoft.Common.CurrentVersion.targets(2382,5): warning MSB3277:             Unity.Addressables.Editor [C:\Users\jjmil\OneDrive\Desktop\Unity\171_pinball\171_pinball\Assembly-CSharp.csproj]
C:\Program Files\dotnet\sdk\8.0.100\Microsoft.Common.CurrentVersion.targets(2382,5): warning MSB3277:             Unity.Localization.Editor [C:\Users\jjmil\OneDrive\Desktop\Unity\171_pinball\171_pinball\Assembly-CSharp.csproj]
C:\Users\jjmil\OneDrive\Desktop\Unity\171_pinball\171_pinball\Assets\Scripts\Managers\GameRulesManager.cs(85,13): error CS0246: The type or namespace name 'RoundModifierController' could not be found (are you missing a using directive or an assembly reference?) [C:\Users\jjmil\OneDrive\Desktop\Unity\171_pinball\171_pinball\Assembly-CSharp.csproj]
C:\Users\jjmil\OneDrive\Desktop\Unity\171_pinball\171_pinball\Assets\Scripts\Managers\GameRulesManager.cs(86,13): error CS0246: The type or namespace name 'BallLoadoutController' could not be found (are you missing a using directive or an assembly reference?) [C:\Users\jjmil\OneDrive\Desktop\Unity\171_pinball\171_pinball\Assembly-CSharp.csproj]

Build FAILED.

C:\Program Files\dotnet\sdk\8.0.100\Microsoft.Common.CurrentVersion.targets(2382,5): warning MSB3277: Found conflicts between different versions of "System.Net.Http" that could not be resolved. [C:\Users\jjmil\OneDrive\Desktop\Unity\171_pinball\171_pinball\Assembly-CSharp.csproj]
C:\Program Files\dotnet\sdk\8.0.100\Microsoft.Common.CurrentVersion.targets(2382,5): warning MSB3277: There was a conflict between "System.Net.Http, Version=4.1.2.0, Culture=neutral, PublicKeyToken=b03f5f7f11d50a3a" and "System.Net.Http, Version=4.2.0.0, Culture=neutral, PublicKeyToken=b03f5f7f11d50a3a". [C:\Users\jjmil\OneDrive\Desktop\Unity\171_pinball\171_pinball\Assembly-CSharp.csproj]
C:\Program Files\dotnet\sdk\8.0.100\Microsoft.Common.CurrentVersion.targets(2382,5): warning MSB3277:     "System.Net.Http, Version=4.1.2.0, Culture=neutral, PublicKeyToken=b03f5f7f11d50a3a" was chosen because it was primary and "System.Net.Http, Version=4.2.0.0, Culture=neutral, PublicKeyToken=b03f5f7f11d50a3a" was not. [C:\Users\jjmil\OneDrive\Desktop\Unity\171_pinball\171_pinball\Assembly-CSharp.csproj]
C:\Program Files\dotnet\sdk\8.0.100\Microsoft.Common.CurrentVersion.targets(2382,5): warning MSB3277:     References which depend on "System.Net.Http, Version=4.1.2.0, Culture=neutral, PublicKeyToken=b03f5f7f11d50a3a" [C:\Program Files\Unity\Hub\Editor\6000.2.8f1\Editor\Data\NetStandard\compat\2.1.0\shims\netstandard\System.Net.Http.dll]. [C:\Users\jjmil\OneDrive\Desktop\Unity\171_pinball\171_pinball\Assembly-CSharp.csproj]
C:\Program Files\dotnet\sdk\8.0.100\Microsoft.Common.CurrentVersion.targets(2382,5): warning MSB3277:         C:\Program Files\Unity\Hub\Editor\6000.2.8f1\Editor\Data\NetStandard\compat\2.1.0\shims\netstandard\System.Net.Http.dll [C:\Users\jjmil\OneDrive\Desktop\Unity\171_pinball\171_pinball\Assembly-CSharp.csproj]
C:\Program Files\dotnet\sdk\8.0.100\Microsoft.Common.CurrentVersion.targets(2382,5): warning MSB3277:           Project file item includes which caused reference "C:\Program Files\Unity\Hub\Editor\6000.2.8f1\Editor\Data\NetStandard\compat\2.1.0\shims\netstandard\System.Net.Http.dll". [C:\Users\jjmil\OneDrive\Desktop\Unity\171_pinball\171_pinball\Assembly-CSharp.csproj]
C:\Program Files\dotnet\sdk\8.0.100\Microsoft.Common.CurrentVersion.targets(2382,5): warning MSB3277:             System.Net.Http [C:\Users\jjmil\OneDrive\Desktop\Unity\171_pinball\171_pinball\Assembly-CSharp.csproj]
C:\Program Files\dotnet\sdk\8.0.100\Microsoft.Common.CurrentVersion.targets(2382,5): warning MSB3277:     References which depend on "System.Net.Http, Version=4.2.0.0, Culture=neutral, PublicKeyToken=b03f5f7f11d50a3a" []. [C:\Users\jjmil\OneDrive\Desktop\Unity\171_pinball\171_pinball\Assembly-CSharp.csproj]
C:\Program Files\dotnet\sdk\8.0.100\Microsoft.Common.CurrentVersion.targets(2382,5): warning MSB3277:         C:\Users\jjmil\OneDrive\Desktop\Unity\171_pinball\171_pinball\Library\ScriptAssemblies\Unity.Addressables.Editor.dll [C:\Users\jjmil\OneDrive\Desktop\Unity\171_pinball\171_pinball\Assembly-CSharp.csproj]
C:\Program Files\dotnet\sdk\8.0.100\Microsoft.Common.CurrentVersion.targets(2382,5): warning MSB3277:           Project file item includes which caused reference "C:\Users\jjmil\OneDrive\Desktop\Unity\171_pinball\171_pinball\Library\ScriptAssemblies\Unity.Addressables.Editor.dll". [C:\Users\jjmil\OneDrive\Desktop\Unity\171_pinball\171_pinball\Assembly-CSharp.csproj]
C:\Program Files\dotnet\sdk\8.0.100\Microsoft.Common.CurrentVersion.targets(2382,5): warning MSB3277:             Unity.Addressables.Editor [C:\Users\jjmil\OneDrive\Desktop\Unity\171_pinball\171_pinball\Assembly-CSharp.csproj]
C:\Program Files\dotnet\sdk\8.0.100\Microsoft.Common.CurrentVersion.targets(2382,5): warning MSB3277:             Unity.Localization.Editor [C:\Users\jjmil\OneDrive\Desktop\Unity\171_pinball\171_pinball\Assembly-CSharp.csproj]
C:\Users\jjmil\OneDrive\Desktop\Unity\171_pinball\171_pinball\Assets\Scripts\Managers\GameRulesManager.cs(85,13): error CS0246: The type or namespace name 'RoundModifierController' could not be found (are you missing a using directive or an assembly reference?) [C:\Users\jjmil\OneDrive\Desktop\Unity\171_pinball\171_pinball\Assembly-CSharp.csproj]
C:\Users\jjmil\OneDrive\Desktop\Unity\171_pinball\171_pinball\Assets\Scripts\Managers\GameRulesManager.cs(86,13): error CS0246: The type or namespace name 'BallLoadoutController' could not be found (are you missing a using directive or an assembly reference?) [C:\Users\jjmil\OneDrive\Desktop\Unity\171_pinball\171_pinball\Assembly-CSharp.csproj]
    1 Warning(s)
    2 Error(s)

Time Elapsed 00:00:01.16
